C:\Users\User\Downloads\connected_frontend_full\sasing\src\main\java\com\assessment\sasing\model\User.java
C:\Users\User\Downloads\connected_frontend_full\sasing\src\main\java\com\assessment\sasing\model\Question.java
C:\Users\User\Downloads\connected_frontend_full\sasing\src\main\java\com\assessment\sasing\controller\AssessmentController.java
C:\Users\User\Downloads\connected_frontend_full\sasing\src\main\java\com\assessment\sasing\repository\AssessmentRepository.java
C:\Users\User\Downloads\connected_frontend_full\sasing\src\main\java\com\assessment\sasing\repository\QuestionRepository.java
C:\Users\User\Downloads\connected_frontend_full\sasing\src\main\java\com\assessment\sasing\controller\AuthController.java
C:\Users\User\Downloads\connected_frontend_full\sasing\src\main\java\com\assessment\sasing\repository\SubmissionRepository.java
C:\Users\User\Downloads\connected_frontend_full\sasing\src\main\java\com\assessment\sasing\SasingApplication.java
C:\Users\User\Downloads\connected_frontend_full\sasing\src\main\java\com\assessment\sasing\model\Assessment.java
C:\Users\User\Downloads\connected_frontend_full\sasing\src\main\java\com\assessment\sasing\model\Answer.java
C:\Users\User\Downloads\connected_frontend_full\sasing\src\main\java\com\assessment\sasing\repository\UserRepository.java
C:\Users\User\Downloads\connected_frontend_full\sasing\src\main\java\com\assessment\sasing\model\Submission.java
C:\Users\User\Downloads\connected_frontend_full\sasing\src\main\java\com\assessment\sasing\repository\AnswerRepository.java
